arrint.0.0='1'
arrint.1.0='2'
arrint.1.1='3'
arrint.2.0='1'
arrint.2.1='3'
foo.a=null
foo.arr.0='a'
foo.arr.1='b'
foo.arr.2.c='c'
foo.bar='baz'
foo.nested.yo='ok'
hello='world'
nested.a='2'
nested.b='ok'
